[
  {
    "id": "1",
    "subject": {
      "state": "open"
    }
  }
]
